Makefile:f:5132|Makefile.in:f:1047|store_test.in:f:430|store_test.out:f:430|webdav:f:4263592|webdav.c:f:4411|webdav.o:f:10088|ad minim veniam, quis nostrud exercitation ullamco laboris nisi ut aliquid ex ea commodi consequat.
Quis aute iure reprehenderit in voluptate velit esse cillum dolore eu fugiat nulla pariatur.
Excepteur sint obcaecat cupiditat non proident, sunt in culpa qui officia deserunt mollit anim id est laborum.
